https://image.tmdb.org/t/p/original/4NGVX3OV2LvkTZOesryq5z1uxIi.jpg
https://image.tmdb.org/t/p/original/co7YZnESTu7YPfuf8VG4jRjI9kj.jpg
https://image.tmdb.org/t/p/original/dde9X7GM5QajwpauDmLmUkerHl0.jpg
https://image.tmdb.org/t/p/original/12168YxdkIgBBcmfNLWO2PI6aXE.jpg
https://image.tmdb.org/t/p/original/tnCzCiNXUtuLUc8hYxSCSni2G6V.jpg
https://image.tmdb.org/t/p/original/g6EScBmwfDDdnqIklj4ctUqhoIk.jpg
https://image.tmdb.org/t/p/original/g6T2L4CpICRGRKTe5m5YLiiUv4n.jpg
https://image.tmdb.org/t/p/original/1ORq9pUYEObq8to60ssU1IMgnyM.jpg
https://image.tmdb.org/t/p/original/zSQM2Zud5G5nrdEA4t0CtFZQF22.jpg
https://image.tmdb.org/t/p/original/oYpq6XFoubsezCt1o28TwnraD0a.jpg
https://image.tmdb.org/t/p/original/hh7BdvqUtN6FaPghSZ1Wjz4sgNS.jpg
https://image.tmdb.org/t/p/original/fOJzNtvruLCUVpKQNDbTKpMzXEu.jpg
https://image.tmdb.org/t/p/original/NnRzb7AOAhbpK1042OilInuOQ3.jpg
https://image.tmdb.org/t/p/original/kbeSPWIRkWZYQgLCyPqxjj4G0kx.jpg
https://image.tmdb.org/t/p/original/cS2TXN1YlrCvkZmMxaevC1ZKtEz.jpg
https://image.tmdb.org/t/p/original/i1ICUixFWaIEzYbaTbXfrq6a3Vg.jpg
https://image.tmdb.org/t/p/original/lQ9A2hcgczlUYEYxwGMFkSxnCtw.jpg
https://image.tmdb.org/t/p/original/kTFNM5gprKcCFTlYSBvIdfi1BhI.jpg
https://image.tmdb.org/t/p/original/rSA6Rtmoz4awKWSFCs3SrqVSuS4.jpg
https://image.tmdb.org/t/p/original/l4UwCldftGk58q5StjfM9YHoCYY.jpg
https://image.tmdb.org/t/p/original/nv5DtpzgjrILNusr3JiTE3O4tlL.jpg